../Src/ssd1306.c:7:6:display	8	static
../Src/ssd1306.c:15:6:clearDisplay	16	static
../Src/ssd1306.c:21:6:OLED_display_init	40	static
../Src/ssd1306.c:38:6:normalDisplay	16	static
../Src/ssd1306.c:43:6:inverseDisplay	16	static
../Src/ssd1306.c:48:6:setContrast	24	static
../Src/ssd1306.c:53:6:resumeDisplay	16	static
../Src/ssd1306.c:58:6:displayON	16	static
../Src/ssd1306.c:63:6:displayOFF	16	static
../Src/ssd1306.c:68:6:allPixelsOn	16	static
../Src/ssd1306.c:73:6:setVerticalAddressingMode	16	static
../Src/ssd1306.c:77:6:setHorizontalAddressingMode	16	static
../Src/ssd1306.c:81:6:setRowAddressingRange	16	static
../Src/ssd1306.c:86:6:setColumnAddressingRange	16	static
../Src/ssd1306.c:91:6:sendCommand	16	static
../Src/ssd1306.c:95:6:sendData	16	static
../Src/ssd1306.c:99:6:drawPixel	32	static
../Src/ssd1306.c:110:6:erasePixel	32	static
